#-----------------------------------------------------------
# xsim v2024.2 (64-bit)
# SW Build 5239630 on Fri Nov 08 22:35:27 MST 2024
# IP Build 5239520 on Sun Nov 10 16:12:51 MST 2024
# SharedData Build 5239561 on Fri Nov 08 14:39:27 MST 2024
# Start of session at: Sun Sep 20 19:17:34 2026
# Process ID         : 37048
# Current directory  : C:/t07_xsim
# Command line       : xsim.exe -log xsim_bearing_constraint_gen.log -mode tcl -source {xsim.dir/tb_bearing_constraint_gen_sim/xsim_script.tcl}
# Log file           : C:/t07_xsim/xsim_bearing_constraint_gen.log
# Journal file       : C:/t07_xsim\xsim.jou
# Running On         : XiaoB
# Platform           : Windows Server 2016 or Windows 10
# Operating System   : 26200
# Processor Detail   : Intel(R) Core(TM) Ultra 5 125H
# CPU Frequency      : 2995 MHz
# CPU Physical cores : 14
# CPU Logical cores  : 18
# Host memory        : 16666 MB
# Swap memory        : 18791 MB
# Total Virtual      : 35458 MB
# Available Virtual  : 6514 MB
#-----------------------------------------------------------
source xsim.dir/tb_bearing_constraint_gen_sim/xsim_script.tcl
# xsim {tb_bearing_constraint_gen_sim} -autoloadwcfg -runall
Time resolution is 1 ps
run -all
PASS: bearing_constraint_gen matched 10 bit-exact observations
$finish called at time : 4840 ns : File "C:/t07_xsim/tb_bearing_constraint_gen.v" Line 198
exit
INFO: [Common 17-206] Exiting xsim at Sun Sep 20 19:17:36 2026...
