#-----------------------------------------------------------
# xsim v2024.2 (64-bit)
# SW Build 5239630 on Fri Nov 08 22:35:27 MST 2024
# IP Build 5239520 on Sun Nov 10 16:12:51 MST 2024
# SharedData Build 5239561 on Fri Nov 08 14:39:27 MST 2024
# Start of session at: Wed Sep 23 16:35:44 2026
# Process ID         : 23016
# Current directory  : E:/B题改进/fpga_stage1/reports/t08_ram_template_repair/xsim
# Command line       : xsim.exe -log xsim_loader.log -mode tcl -source {xsim.dir/tb_initial_polygon_loader_repair_sim/xsim_script.tcl}
# Log file           : E:/B题改进/fpga_stage1/reports/t08_ram_template_repair/xsim/xsim_loader.log
# Journal file       : E:/B题改进/fpga_stage1/reports/t08_ram_template_repair/xsim\xsim.jou
# Running On         : XiaoB
# Platform           : Windows Server 2016 or Windows 10
# Operating System   : 26200
# Processor Detail   : Intel(R) Core(TM) Ultra 5 125H
# CPU Frequency      : 2995 MHz
# CPU Physical cores : 14
# CPU Logical cores  : 18
# Host memory        : 16666 MB
# Swap memory        : 16666 MB
# Total Virtual      : 33332 MB
# Available Virtual  : 3016 MB
#-----------------------------------------------------------
source xsim.dir/tb_initial_polygon_loader_repair_sim/xsim_script.tcl
# xsim {tb_initial_polygon_loader_repair_sim} -autoloadwcfg -runall
Time resolution is 1 ps
run -all
PASS: initial_polygon_loader copied both 720-vertex buffers bit-exactly
$finish called at time : 43380 ns : File "E:/B题改进/fpga_stage1/tb/unit/tb_initial_polygon_loader.v" Line 162
exit
INFO: [Common 17-206] Exiting xsim at Wed Sep 23 16:35:47 2026...
