#-----------------------------------------------------------
# xsim v2024.2 (64-bit)
# SW Build 5239630 on Fri Nov 08 22:35:27 MST 2024
# IP Build 5239520 on Sun Nov 10 16:12:51 MST 2024
# SharedData Build 5239561 on Fri Nov 08 14:39:27 MST 2024
# Start of session at: Wed Sep 23 16:35:38 2026
# Process ID         : 11932
# Current directory  : E:/B题改进/fpga_stage1/reports/t08_ram_template_repair/xsim
# Command line       : xsim.exe -log xsim_ram.log -mode tcl -source {xsim.dir/tb_vertex_ram_dual_buffer_sim/xsim_script.tcl}
# Log file           : E:/B题改进/fpga_stage1/reports/t08_ram_template_repair/xsim/xsim_ram.log
# Journal file       : E:/B题改进/fpga_stage1/reports/t08_ram_template_repair/xsim\xsim.jou
# Running On         : XiaoB
# Platform           : Windows Server 2016 or Windows 10
# Operating System   : 26200
# Processor Detail   : Intel(R) Core(TM) Ultra 5 125H
# CPU Frequency      : 2995 MHz
# CPU Physical cores : 14
# CPU Logical cores  : 18
# Host memory        : 16666 MB
# Swap memory        : 16666 MB
# Total Virtual      : 33332 MB
# Available Virtual  : 3147 MB
#-----------------------------------------------------------
source xsim.dir/tb_vertex_ram_dual_buffer_sim/xsim_script.tcl
# xsim {tb_vertex_ram_dual_buffer_sim} -autoloadwcfg -runall
Time resolution is 1 ps
run -all
PASS: vertex_ram_dual_buffer concurrent access checks completed
$finish called at time : 80 ns : File "E:/B题改进/fpga_stage1/tb/unit/tb_vertex_ram_dual_buffer.v" Line 113
exit
INFO: [Common 17-206] Exiting xsim at Wed Sep 23 16:35:41 2026...
