#-----------------------------------------------------------
# xsim v2024.2 (64-bit)
# SW Build 5239630 on Fri Nov 08 22:35:27 MST 2024
# IP Build 5239520 on Sun Nov 10 16:12:51 MST 2024
# SharedData Build 5239561 on Fri Nov 08 14:39:27 MST 2024
# Start of session at: Sun Sep 20 19:58:11 2026
# Process ID         : 35644
# Current directory  : C:/t08_xsim
# Command line       : xsim.exe -log xsim_ram.log -mode tcl -source {xsim.dir/tb_vertex_ram_dual_buffer_sim/xsim_script.tcl}
# Log file           : C:/t08_xsim/xsim_ram.log
# Journal file       : C:/t08_xsim\xsim.jou
# Running On         : XiaoB
# Platform           : Windows Server 2016 or Windows 10
# Operating System   : 26200
# Processor Detail   : Intel(R) Core(TM) Ultra 5 125H
# CPU Frequency      : 2995 MHz
# CPU Physical cores : 14
# CPU Logical cores  : 18
# Host memory        : 16666 MB
# Swap memory        : 18598 MB
# Total Virtual      : 35265 MB
# Available Virtual  : 6841 MB
#-----------------------------------------------------------
source xsim.dir/tb_vertex_ram_dual_buffer_sim/xsim_script.tcl
# xsim {tb_vertex_ram_dual_buffer_sim} -autoloadwcfg -runall
Time resolution is 1 ps
run -all
PASS: vertex_ram_dual_buffer concurrent access checks completed
$finish called at time : 80 ns : File "C:/t08_xsim/tb_vertex_ram_dual_buffer.v" Line 113
exit
INFO: [Common 17-206] Exiting xsim at Sun Sep 20 19:58:14 2026...
