#-----------------------------------------------------------
# xsim v2024.2 (64-bit)
# SW Build 5239630 on Fri Nov 08 22:35:27 MST 2024
# IP Build 5239520 on Sun Nov 10 16:12:51 MST 2024
# SharedData Build 5239561 on Fri Nov 08 14:39:27 MST 2024
# Start of session at: Wed Sep 23 18:18:59 2026
# Process ID         : 26296
# Current directory  : E:/B题改进/fpga_stage1/reports/timing_repair_t07/xsim
# Command line       : xsim.exe -log xsim.log -mode tcl -source {xsim.dir/tb_bearing_constraint_gen_timing_fix_sim/xsim_script.tcl}
# Log file           : E:/B题改进/fpga_stage1/reports/timing_repair_t07/xsim/xsim.log
# Journal file       : E:/B题改进/fpga_stage1/reports/timing_repair_t07/xsim\xsim.jou
# Running On         : XiaoB
# Platform           : Windows Server 2016 or Windows 10
# Operating System   : 26200
# Processor Detail   : Intel(R) Core(TM) Ultra 5 125H
# CPU Frequency      : 2995 MHz
# CPU Physical cores : 14
# CPU Logical cores  : 18
# Host memory        : 16666 MB
# Swap memory        : 16666 MB
# Total Virtual      : 33332 MB
# Available Virtual  : 3255 MB
#-----------------------------------------------------------
source xsim.dir/tb_bearing_constraint_gen_timing_fix_sim/xsim_script.tcl
# xsim {tb_bearing_constraint_gen_timing_fix_sim} -autoloadwcfg -runall
Time resolution is 1 ps
run -all
PASS: bearing_constraint_gen matched 10 bit-exact observations
$finish called at time : 4840 ns : File "E:/B题改进/fpga_stage1/tb/unit/tb_bearing_constraint_gen.v" Line 198
exit
INFO: [Common 17-206] Exiting xsim at Wed Sep 23 18:19:01 2026...
