#-----------------------------------------------------------
# xsim v2024.2 (64-bit)
# SW Build 5239630 on Fri Nov 08 22:35:27 MST 2024
# IP Build 5239520 on Sun Nov 10 16:12:51 MST 2024
# SharedData Build 5239561 on Fri Nov 08 14:39:27 MST 2024
# Start of session at: Sun Sep 20 15:32:27 2026
# Process ID         : 30500
# Current directory  : C:/t04_xsim/uart_tx
# Command line       : xsim.exe -log xsim_uart_tx.log -mode tcl -source {xsim.dir/tb_uart_tx_sim/xsim_script.tcl}
# Log file           : C:/t04_xsim/uart_tx/xsim_uart_tx.log
# Journal file       : C:/t04_xsim/uart_tx\xsim.jou
# Running On         : XiaoB
# Platform           : Windows Server 2016 or Windows 10
# Operating System   : 26200
# Processor Detail   : Intel(R) Core(TM) Ultra 5 125H
# CPU Frequency      : 2995 MHz
# CPU Physical cores : 14
# CPU Logical cores  : 18
# Host memory        : 16666 MB
# Swap memory        : 18254 MB
# Total Virtual      : 34921 MB
# Available Virtual  : 2236 MB
#-----------------------------------------------------------
source xsim.dir/tb_uart_tx_sim/xsim_script.tcl
# xsim {tb_uart_tx_sim} -autoloadwcfg -runall
Time resolution is 1 ps
run -all
PASS: uart_tx directed checks completed
$finish called at time : 347285 ns : File "C:/t04_xsim/uart_tx/tb_uart_tx.v" Line 108
exit
INFO: [Common 17-206] Exiting xsim at Sun Sep 20 15:32:31 2026...
