#-----------------------------------------------------------
# xsim v2024.2 (64-bit)
# SW Build 5239630 on Fri Nov 08 22:35:27 MST 2024
# IP Build 5239520 on Sun Nov 10 16:12:51 MST 2024
# SharedData Build 5239561 on Fri Nov 08 14:39:27 MST 2024
# Start of session at: Sun Sep 20 18:53:05 2026
# Process ID         : 30528
# Current directory  : C:/t06_xsim
# Command line       : xsim.exe -log xsim_cordic_sincos.log -mode tcl -source {xsim.dir/tb_cordic_sincos_sim/xsim_script.tcl}
# Log file           : C:/t06_xsim/xsim_cordic_sincos.log
# Journal file       : C:/t06_xsim\xsim.jou
# Running On         : XiaoB
# Platform           : Windows Server 2016 or Windows 10
# Operating System   : 26200
# Processor Detail   : Intel(R) Core(TM) Ultra 5 125H
# CPU Frequency      : 2995 MHz
# CPU Physical cores : 14
# CPU Logical cores  : 18
# Host memory        : 16666 MB
# Swap memory        : 19046 MB
# Total Virtual      : 35713 MB
# Available Virtual  : 7149 MB
#-----------------------------------------------------------
source xsim.dir/tb_cordic_sincos_sim/xsim_script.tcl
# xsim {tb_cordic_sincos_sim} -autoloadwcfg -runall
Time resolution is 1 ps
run -all
PASS: cordic_sincos matched 74 bit-exact vectors
$finish called at time : 16320 ns : File "C:/t06_xsim/tb_cordic_sincos.v" Line 154
exit
INFO: [Common 17-206] Exiting xsim at Sun Sep 20 18:53:07 2026...
