#-----------------------------------------------------------
# xsim v2024.2 (64-bit)
# SW Build 5239630 on Fri Nov 08 22:35:27 MST 2024
# IP Build 5239520 on Sun Nov 10 16:12:51 MST 2024
# SharedData Build 5239561 on Fri Nov 08 14:39:27 MST 2024
# Start of session at: Sun Sep 20 15:46:49 2026
# Process ID         : 44276
# Current directory  : C:/t05_xsim/encoder
# Command line       : xsim.exe -log xsim_encoder.log -mode tcl -source {xsim.dir/tb_encoder_sim/xsim_script.tcl}
# Log file           : C:/t05_xsim/encoder/xsim_encoder.log
# Journal file       : C:/t05_xsim/encoder\xsim.jou
# Running On         : XiaoB
# Platform           : Windows Server 2016 or Windows 10
# Operating System   : 26200
# Processor Detail   : Intel(R) Core(TM) Ultra 5 125H
# CPU Frequency      : 2995 MHz
# CPU Physical cores : 14
# CPU Logical cores  : 18
# Host memory        : 16666 MB
# Swap memory        : 18254 MB
# Total Virtual      : 34921 MB
# Available Virtual  : 1305 MB
#-----------------------------------------------------------
source xsim.dir/tb_encoder_sim/xsim_script.tcl
# xsim {tb_encoder_sim} -autoloadwcfg -runall
Time resolution is 1 ps
run -all
PASS: packet_encoder directed checks completed
$finish called at time : 1220 ns : File "C:/t05_xsim/encoder/tb_packet_encoder.v" Line 89
exit
INFO: [Common 17-206] Exiting xsim at Sun Sep 20 15:46:51 2026...
