#-----------------------------------------------------------
# xsim v2024.2 (64-bit)
# SW Build 5239630 on Fri Nov 08 22:35:27 MST 2024
# IP Build 5239520 on Sun Nov 10 16:12:51 MST 2024
# SharedData Build 5239561 on Fri Nov 08 14:39:27 MST 2024
# Start of session at: Sun Sep 20 23:51:58 2026
# Process ID         : 16960
# Current directory  : C:/t12_xsim
# Command line       : xsim.exe -mode tcl -source {xsim.dir/tb_localization_command_ctrl_sim/xsim_script.tcl}
# Log file           : C:/t12_xsim/xsim.log
# Journal file       : C:/t12_xsim\xsim.jou
# Running On         : XiaoB
# Platform           : Windows Server 2016 or Windows 10
# Operating System   : 26200
# Processor Detail   : Intel(R) Core(TM) Ultra 5 125H
# CPU Frequency      : 2995 MHz
# CPU Physical cores : 14
# CPU Logical cores  : 18
# Host memory        : 16666 MB
# Swap memory        : 18519 MB
# Total Virtual      : 35186 MB
# Available Virtual  : 1072 MB
#-----------------------------------------------------------
source xsim.dir/tb_localization_command_ctrl_sim/xsim_script.tcl
# xsim {tb_localization_command_ctrl_sim} -autoloadwcfg -runall
Time resolution is 1 ps
run -all
INFO: job cycles=12607 vertices=4 distance2=17179868135424016 flags=41
INFO: job cycles=12249 vertices=0 distance2=0 flags=41
INFO: job cycles=3 vertices=0 distance2=0 flags=20
PASS: localization_command_ctrl command, restart, RAM and geometry integration
$finish called at time : 249146 ns : File "E:/BÌâ¸Ä½ø/fpga_stage1/tb/unit/tb_localization_command_ctrl.v" Line 286
exit
INFO: [Common 17-206] Exiting xsim at Sun Sep 20 23:51:59 2026...
