Copyright 1986-2022 Xilinx, Inc. All Rights Reserved. Copyright 2022-2024 Advanced Micro Devices, Inc. All Rights Reserved.
---------------------------------------------------------------------------------------------------------------------------------------------
| Tool Version : Vivado v.2024.2 (win64) Build 5239630 Fri Nov 08 22:35:27 MST 2024
| Date         : Wed Sep 23 16:33:41 2026
| Host         : XiaoB running 64-bit major release  (build 9200)
| Command      : report_ram_utilization -file ram_utilization.rpt
| Design       : vertex_ram_dual_buffer
| Device       : xc7a35tcpg236-1
| Speed File   : -1
---------------------------------------------------------------------------------------------------------------------------------------------

RAM Usage Information

Table of Contents
-----------------
1. Summary
2. Memory Description
3. Memory Utilization - Inferred
4. Memory Performance - Inferred
5. Block Ram / URAM Memory Power - Inferred

1. Summary
----------

+--------------------------+------------+-----------+-------+-----------+
| Memory Type              | Total Used | Available | Util% | Inferred% |
+--------------------------+------------+-----------+-------+-----------+
| BlockRAM                 |          4 |        50 |  8.00 |    100.00 |
|  RAMB36E1                |          4 |           |       |    100.00 |
| LUTMs as Distributed RAM |          0 |      9600 |  0.00 |      0.00 |
+--------------------------+------------+-----------+-------+-----------+
*  Each RAMB18 is calculated as 0.5 BlockRAM
**  Tables 2, 3, 4 and 5 cover RAMs inferred by Vivado Synthesis using XPMs or RTL inference
***  XRAMs are not reported for detailed tables


2. Memory Description
---------------------

+----------------------+------------+-------------+------------------------+------------------------+
| Memory Name          | Array Size | Memory Type | Port 1 Dimension / Map | Port 2 Dimension / Map |
+----------------------+------------+-------------+------------------------+------------------------+
| vertex_memory        |     131072 | RAM_TDP     | 2048x64                | 2048x64                |
|  vertex_memory_reg_0 |      36864 |             |  A:A:2048x18           |  B:B:2048x18           |
|  vertex_memory_reg_1 |      36864 |             |  A:A:2048x18           |  B:B:2048x18           |
|  vertex_memory_reg_2 |      36864 |             |  A:A:2048x18           |  B:B:2048x18           |
|  vertex_memory_reg_3 |      20480 |             |  A:A:2048x10           |  B:B:2048x10           |
+----------------------+------------+-------------+------------------------+------------------------+


3. Memory Utilization - Inferred
--------------------------------

+----------------------+-----------+----------------+-----------+-----------+---------+---------------+---------------+---------+---------------+---------------+---------+---------------+---------------+---------+---------------+---------------+
| Memory Name          | Primitive | Available Bits | Used Bits | Bit Util% | A Depth | A Depth Avail | A Depth Util% | A Width | A Width Avail | A Width Util% | B Depth | B Depth Avail | B Depth Util% | B Width | B Width Avail | B Width Util% |
+----------------------+-----------+----------------+-----------+-----------+---------+---------------+---------------+---------+---------------+---------------+---------+---------------+---------------+---------+---------------+---------------+
| vertex_memory        |           |                |           |           |         |               |               |         |               |               |         |               |               |         |               |               |
|  vertex_memory_reg_0 | RAMB36E1  |          36864 |     36864 |    100.00 |    2048 |          2048 |        100.00 |      18 |            18 |        100.00 |    2048 |          2048 |        100.00 |      18 |            18 |        100.00 |
|  vertex_memory_reg_1 | RAMB36E1  |          36864 |     36864 |    100.00 |    2048 |          2048 |        100.00 |      18 |            18 |        100.00 |    2048 |          2048 |        100.00 |      18 |            18 |        100.00 |
|  vertex_memory_reg_2 | RAMB36E1  |          36864 |     36864 |    100.00 |    2048 |          2048 |        100.00 |      18 |            18 |        100.00 |    2048 |          2048 |        100.00 |      18 |            18 |        100.00 |
|  vertex_memory_reg_3 | RAMB36E1  |          36864 |     20480 |     55.56 |    2048 |          2048 |        100.00 |      10 |            18 |         55.56 |    2048 |          2048 |        100.00 |      10 |            18 |         55.56 |
+----------------------+-----------+----------------+-----------+-----------+---------+---------------+---------------+---------+---------------+---------------+---------+---------------+---------------+---------+---------------+---------------+


4. Memory Performance - Inferred
--------------------------------

+----------------------+-----------+------------------------+------------------------+--------------+-------------------------+--------------+-------------------------+-----------+--------+--------+---------+-----------+--------+--------+---------+
| Memory Name          | Primitive | Port 1 Dimension / Map | Port 2 Dimension / Map | Port A Type  | Port A Requirement (ns) | Port B Type  | Port B Requirement (ns) | A Cascade | IREG_A | OREG_A | DOA_REG | B Cascade | IREG_B | OREG_B | DOB_REG |
+----------------------+-----------+------------------------+------------------------+--------------+-------------------------+--------------+-------------------------+-----------+--------+--------+---------+-----------+--------+--------+---------+
| vertex_memory        |           | 2048x64                | 2048x64                |              |                         |              |                         |           |        |        |         |           |        |        |         |
|  vertex_memory_reg_0 | RAMB36E1  |  A:A:2048x18           |  B:B:2048x18           | Read / Write |                     0.0 | Read / Write |                     0.0 |           |        |        |       0 |           |        |        |       0 |
|  vertex_memory_reg_1 | RAMB36E1  |  A:A:2048x18           |  B:B:2048x18           | Read / Write |                     0.0 | Read / Write |                     0.0 |           |        |        |       0 |           |        |        |       0 |
|  vertex_memory_reg_2 | RAMB36E1  |  A:A:2048x18           |  B:B:2048x18           | Read / Write |                     0.0 | Read / Write |                     0.0 |           |        |        |       0 |           |        |        |       0 |
|  vertex_memory_reg_3 | RAMB36E1  |  A:A:2048x10           |  B:B:2048x10           | Read / Write |                     0.0 | Read / Write |                     0.0 |           |        |        |       0 |           |        |        |       0 |
+----------------------+-----------+------------------------+------------------------+--------------+-------------------------+--------------+-------------------------+-----------+--------+--------+---------+-----------+--------+--------+---------+


5. Block Ram / URAM Memory Power - Inferred
-------------------------------------------

+----------------------+-----------+------------------------+------------------------+--------------------+---------------+-------------------+-----------+--------------------+---------------+-------------------+-----------+
| Memory Name          | Primitive | Port 1 Dimension / Map | Port 2 Dimension / Map | Port A Power Gated | Port A Enable | Port A WRITE_MODE | A Cascade | Port B Power Gated | Port B Enable | Port B WRITE_MODE | B Cascade |
+----------------------+-----------+------------------------+------------------------+--------------------+---------------+-------------------+-----------+--------------------+---------------+-------------------+-----------+
| vertex_memory        |           | 2048x64                | 2048x64                |                    |               |                   |           |                    |               |                   |           |
|  vertex_memory_reg_0 | RAMB36E1  |  A:A:2048x18           |  B:B:2048x18           |                    |         POWER |        READ_FIRST |           |                    |         POWER |        READ_FIRST |           |
|  vertex_memory_reg_1 | RAMB36E1  |  A:A:2048x18           |  B:B:2048x18           |                    |         POWER |        READ_FIRST |           |                    |         POWER |        READ_FIRST |           |
|  vertex_memory_reg_2 | RAMB36E1  |  A:A:2048x18           |  B:B:2048x18           |                    |         POWER |        READ_FIRST |           |                    |         POWER |        READ_FIRST |           |
|  vertex_memory_reg_3 | RAMB36E1  |  A:A:2048x10           |  B:B:2048x10           |                    |         POWER |        READ_FIRST |           |                    |         POWER |        READ_FIRST |           |
+----------------------+-----------+------------------------+------------------------+--------------------+---------------+-------------------+-----------+--------------------+---------------+-------------------+-----------+


