#-----------------------------------------------------------
# Vivado v2024.2 (64-bit)
# SW Build 5239630 on Fri Nov 08 22:35:27 MST 2024
# IP Build 5239520 on Sun Nov 10 16:12:51 MST 2024
# SharedData Build 5239561 on Fri Nov 08 14:39:27 MST 2024
# Start of session at: Wed Sep 23 16:30:49 2026
# Process ID         : 16980
# Current directory  : E:/B题改进/fpga_stage1/reports/t08_ram_template_repair/synth
# Command line       : vivado.exe -mode batch -source ..\..\..\scripts\synth_vertex_ram_ooc.tcl -log vivado.log -journal vivado.jou
# Log file           : E:/B题改进/fpga_stage1/reports/t08_ram_template_repair/synth/vivado.log
# Journal file       : E:/B题改进/fpga_stage1/reports/t08_ram_template_repair/synth\vivado.jou
# Running On         : XiaoB
# Platform           : Windows Server 2016 or Windows 10
# Operating System   : 26200
# Processor Detail   : Intel(R) Core(TM) Ultra 5 125H
# CPU Frequency      : 2995 MHz
# CPU Physical cores : 14
# CPU Logical cores  : 18
# Host memory        : 16666 MB
# Swap memory        : 16666 MB
# Total Virtual      : 33332 MB
# Available Virtual  : 2925 MB
#-----------------------------------------------------------
source {..\..\..\scripts\synth_vertex_ram_ooc.tcl}
# set script_directory [file dirname [file normalize [info script]]]
# set project_directory [file dirname $script_directory]
# set rtl_file [file join $project_directory rtl memory vertex_ram_dual_buffer.v]
# read_verilog $rtl_file
read_verilog: Time (s): cpu = 00:00:06 ; elapsed = 00:00:07 . Memory (MB): peak = 421.094 ; gain = 104.098
# synth_design -top vertex_ram_dual_buffer -part xc7a35tcpg236-1 -mode out_of_context
Command: synth_design -top vertex_ram_dual_buffer -part xc7a35tcpg236-1 -mode out_of_context
Starting synth_design
Attempting to get a license for feature 'Synthesis' and/or device 'xc7a35t'
INFO: [Common 17-349] Got license for feature 'Synthesis' and/or device 'xc7a35t'
INFO: [Synth 8-7079] Multithreading enabled for synth_design using a maximum of 2 processes.
INFO: [Synth 8-7078] Launching helper process for spawning children vivado processes
INFO: [Synth 8-7075] Helper process launched with PID 12236
---------------------------------------------------------------------------------
Starting Synthesize : Time (s): cpu = 00:00:07 ; elapsed = 00:00:08 . Memory (MB): peak = 896.250 ; gain = 474.230
---------------------------------------------------------------------------------
INFO: [Synth 8-6157] synthesizing module 'vertex_ram_dual_buffer' [E:/B题改进/fpga_stage1/rtl/memory/vertex_ram_dual_buffer.v:4]
INFO: [Synth 8-6155] done synthesizing module 'vertex_ram_dual_buffer' (0#1) [E:/B题改进/fpga_stage1/rtl/memory/vertex_ram_dual_buffer.v:4]
