
*** Running vivado
    with args -log radio_localization_fpga_top.vdi -applog -m64 -product Vivado -messageDb vivado.pb -mode batch -source radio_localization_fpga_top.tcl -notrace



****** Vivado v2024.2 (64-bit)
  **** SW Build 5239630 on Fri Nov 08 22:35:27 MST 2024
  **** IP Build 5239520 on Sun Nov 10 16:12:51 MST 2024
  **** SharedData Build 5239561 on Fri Nov 08 14:39:27 MST 2024
  **** Start of session at: Wed Sep 23 18:23:45 2026
    ** Copyright 1986-2022 Xilinx, Inc. All Rights Reserved.
    ** Copyright 2022-2024 Advanced Micro Devices, Inc. All Rights Reserved.

source radio_localization_fpga_top.tcl -notrace
create_project: Time (s): cpu = 00:00:04 ; elapsed = 00:00:05 . Memory (MB): peak = 420.391 ; gain = 102.938
Command: link_design -top radio_localization_fpga_top -part xc7a35tcpg236-1
Design is defaulting to srcset: sources_1
Design is defaulting to constrset: constrs_1
INFO: [Device 21-403] Loading part xc7a35tcpg236-1
Netlist sorting complete. Time (s): cpu = 00:00:00 ; elapsed = 00:00:00.115 . Memory (MB): peak = 624.199 ; gain = 0.000
INFO: [Netlist 29-17] Analyzing 1315 Unisim elements for replacement
INFO: [Netlist 29-28] Unisim Transformation completed in 1 CPU seconds
INFO: [Project 1-479] Netlist was created with Vivado 2024.2
INFO: [Project 1-570] Preparing netlist for logic optimization
Parsing XDC File [E:/B/fpga_stage1/fpga_stage1.srcs/constrs_1/imports/constraints/basys3_radio_localization.xdc]
Finished Parsing XDC File [E:/B/fpga_stage1/fpga_stage1.srcs/constrs_1/imports/constraints/basys3_radio_localization.xdc]
INFO: [Opt 31-138] Pushed 0 inverter(s) to 0 load pin(s).
Netlist sorting complete. Time (s): cpu = 00:00:00 ; elapsed = 00:00:00.004 . Memory (MB): peak = 778.984 ; gain = 0.000
INFO: [Project 1-111] Unisim Transformation Summary:
No Unisim elements were transformed.

7 Infos, 0 Warnings, 0 Critical Warnings and 0 Errors encountered.
link_design completed successfully
link_design: Time (s): cpu = 00:00:07 ; elapsed = 00:00:09 . Memory (MB): peak = 778.984 ; gain = 358.594
Command: opt_design
Attempting to get a license for feature 'Implementation' and/or device 'xc7a35t'
INFO: [Common 17-349] Got license for feature 'Implementation' and/or device 'xc7a35t'
Running DRC as a precondition to command opt_design

Starting DRC Task
INFO: [DRC 23-27] Running DRC with 2 threads
INFO: [Project 1-461] DRC finished with 0 Errors
INFO: [Project 1-462] Please refer to the DRC report (report_drc) for more information.

Time (s): cpu = 00:00:02 ; elapsed = 00:00:02 . Memory (MB): peak = 809.715 ; gain = 30.730

Starting Cache Timing Information Task
INFO: [Timing 38-35] Done setting XDC timing constraints.
Ending Cache Timing Information Task | Checksum: 217efd3a4

Time (s): cpu = 00:00:08 ; elapsed = 00:00:09 . Memory (MB): peak = 1356.918 ; gain = 547.203

Starting Logic Optimization Task

Phase 1 Initialization

Phase 1.1 Core Generation And Design Setup
Phase 1.1 Core Generation And Design Setup | Checksum: 217efd3a4

Time (s): cpu = 00:00:00 ; elapsed = 00:00:00.018 . Memory (MB): peak = 1761.742 ; gain = 0.000

Phase 1.2 Setup Constraints And Sort Netlist
Phase 1.2 Setup Constraints And Sort Netlist | Checksum: 217efd3a4

Time (s): cpu = 00:00:00 ; elapsed = 00:00:00.032 . Memory (MB): peak = 1761.742 ; gain = 0.000
Phase 1 Initialization | Checksum: 217efd3a4

Time (s): cpu = 00:00:00 ; elapsed = 00:00:00.033 . Memory (MB): peak = 1761.742 ; gain = 0.000

Phase 2 Timer Update And Timing Data Collection

Phase 2.1 Timer Update
Phase 2.1 Timer Update | Checksum: 217efd3a4

Time (s): cpu = 00:00:01 ; elapsed = 00:00:00.485 . Memory (MB): peak = 1761.742 ; gain = 0.000

Phase 2.2 Timing Data Collection
Phase 2.2 Timing Data Collection | Checksum: 217efd3a4

Time (s): cpu = 00:00:01 ; elapsed = 00:00:00.514 . Memory (MB): peak = 1761.742 ; gain = 0.000
Phase 2 Timer Update And Timing Data Collection | Checksum: 217efd3a4

Time (s): cpu = 00:00:01 ; elapsed = 00:00:00.515 . Memory (MB): peak = 1761.742 ; gain = 0.000

Phase 3 Retarget
INFO: [Opt 31-1851] Number of loadless carry chains removed were: 0
INFO: [Opt 31-1834] Total Chains To Be Transformed Were: 0 AND Number of Transformed insts Created are: 0
INFO: [Opt 31-1566] Pulled 2 inverters resulting in an inversion of 10 pins
INFO: [Opt 31-138] Pushed 0 inverter(s) to 0 load pin(s).
INFO: [Opt 31-49] Retargeted 0 cell(s).
Phase 3 Retarget | Checksum: 208e9fceb

Time (s): cpu = 00:00:01 ; elapsed = 00:00:00.768 . Memory (MB): peak = 1761.742 ; gain = 0.000
Retarget | Checksum: 208e9fceb
INFO: [Opt 31-389] Phase Retarget created 0 cells and removed 3 cells

Phase 4 Constant propagation
INFO: [Opt 31-138] Pushed 0 inverter(s) to 0 load pin(s).
Phase 4 Constant propagation | Checksum: 211c814ae

Time (s): cpu = 00:00:02 ; elapsed = 00:00:00.909 . Memory (MB): peak = 1761.742 ; gain = 0.000
Constant propagation | Checksum: 211c814ae
INFO: [Opt 31-389] Phase Constant propagation created 0 cells and removed 0 cells

Phase 5 Sweep
INFO: [Constraints 18-11670] Building netlist checker database with flags, 0x8
Done building netlist checker database: Time (s): cpu = 00:00:00 ; elapsed = 00:00:00.004 . Memory (MB): peak = 1761.742 ; gain = 0.000
Phase 5 Sweep | Checksum: 1cfc5321d

Time (s): cpu = 00:00:02 ; elapsed = 00:00:01 . Memory (MB): peak = 1761.742 ; gain = 0.000
Sweep | Checksum: 1cfc5321d
INFO: [Opt 31-389] Phase Sweep created 0 cells and removed 0 cells

Phase 6 BUFG optimization
Phase 6 BUFG optimization | Checksum: 1cfc5321d

Time (s): cpu = 00:00:02 ; elapsed = 00:00:01 . Memory (MB): peak = 1761.742 ; gain = 0.000
BUFG optimization | Checksum: 1cfc5321d
INFO: [Opt 31-662] Phase BUFG optimization created 0 cells of which 0 are BUFGs and removed 0 cells.

Phase 7 Shift Register Optimization
INFO: [Opt 31-1064] SRL Remap converted 0 SRLs to 0 registers and converted 0 registers of register chains to 0 SRLs
Phase 7 Shift Register Optimization | Checksum: 1cfc5321d

Time (s): cpu = 00:00:02 ; elapsed = 00:00:01 . Memory (MB): peak = 1761.742 ; gain = 0.000
Shift Register Optimization | Checksum: 1cfc5321d
INFO: [Opt 31-389] Phase Shift Register Optimization created 0 cells and removed 0 cells

Phase 8 Post Processing Netlist
Phase 8 Post Processing Netlist | Checksum: 1cfc5321d

Time (s): cpu = 00:00:02 ; elapsed = 00:00:01 . Memory (MB): peak = 1761.742 ; gain = 0.000
Post Processing Netlist | Checksum: 1cfc5321d
INFO: [Opt 31-389] Phase Post Processing Netlist created 0 cells and removed 0 cells

Phase 9 Finalization

Phase 9.1 Finalizing Design Cores and Updating Shapes
Phase 9.1 Finalizing Design Cores and Updating Shapes | Checksum: 196533db7

Time (s): cpu = 00:00:02 ; elapsed = 00:00:02 . Memory (MB): peak = 1761.742 ; gain = 0.000

Phase 9.2 Verifying Netlist Connectivity

Starting Connectivity Check Task

Time (s): cpu = 00:00:01 ; elapsed = 00:00:00.042 . Memory (MB): peak = 1761.742 ; gain = 0.000
Phase 9.2 Verifying Netlist Connectivity | Checksum: 196533db7

Time (s): cpu = 00:00:03 ; elapsed = 00:00:02 . Memory (MB): peak = 1761.742 ; gain = 0.000
Phase 9 Finalization | Checksum: 196533db7

Time (s): cpu = 00:00:03 ; elapsed = 00:00:02 . Memory (MB): peak = 1761.742 ; gain = 0.000
Opt_design Change Summary
=========================


-------------------------------------------------------------------------------------------------------------------------
|  Phase                        |  #Cells created  |  #Cells Removed  |  #Constrained objects preventing optimizations  |
-------------------------------------------------------------------------------------------------------------------------
|  Retarget                     |               0  |               3  |                                              0  |
|  Constant propagation         |               0  |               0  |                                              0  |
|  Sweep                        |               0  |               0  |                                              0  |
|  BUFG optimization            |               0  |               0  |                                              0  |
|  Shift Register Optimization  |               0  |               0  |                                              0  |
|  Post Processing Netlist      |               0  |               0  |                                              0  |
-------------------------------------------------------------------------------------------------------------------------


Ending Logic Optimization Task | Checksum: 196533db7

Time (s): cpu = 00:00:03 ; elapsed = 00:00:02 . Memory (MB): peak = 1761.742 ; gain = 0.000

Starting Power Optimization Task
INFO: [Pwropt 34-132] Skipping clock gating for clocks with a period < 2.00 ns.
INFO: [Pwropt 34-9] Applying IDT optimizations ...
INFO: [Pwropt 34-10] Applying ODC optimizations ...
INFO: [Timing 38-35] Done setting XDC timing constraints.
Running Vector-less Activity Propagation...

Finished Running Vector-less Activity Propagation


Starting PowerOpt Patch Enables Task
INFO: [Pwropt 34-162] WRITE_MODE attribute of 0 BRAM(s) out of a total of 6 has been updated to save power. Run report_power_opt to get a complete listing of the BRAMs updated.
INFO: [Pwropt 34-201] Structural ODC has moved 0 WE to EN ports
Number of BRAM Ports augmented: 0 newly gated: 0 Total Ports: 12
Ending PowerOpt Patch Enables Task | Checksum: 196533db7

Time (s): cpu = 00:00:00 ; elapsed = 00:00:00.065 . Memory (MB): peak = 1843.883 ; gain = 0.000
Ending Power Optimization Task | Checksum: 196533db7

Time (s): cpu = 00:00:05 ; elapsed = 00:00:04 . Memory (MB): peak = 1843.883 ; gain = 82.141

Starting Final Cleanup Task
Ending Final Cleanup Task | Checksum: 196533db7

Time (s): cpu = 00:00:00 ; elapsed = 00:00:00.002 . Memory (MB): peak = 1843.883 ; gain = 0.000

Starting Netlist Obfuscation Task
Netlist sorting complete. Time (s): cpu = 00:00:00 ; elapsed = 00:00:00.007 . Memory (MB): peak = 1843.883 ; gain = 0.000
Ending Netlist Obfuscation Task | Checksum: 196533db7

Time (s): cpu = 00:00:00 ; elapsed = 00:00:00.010 . Memory (MB): peak = 1843.883 ; gain = 0.000
INFO: [Common 17-83] Releasing license: Implementation
33 Infos, 0 Warnings, 0 Critical Warnings and 0 Errors encountered.
opt_design completed successfully
opt_design: Time (s): cpu = 00:00:22 ; elapsed = 00:00:21 . Memory (MB): peak = 1843.883 ; gain = 1064.898
INFO: [Vivado 12-24828] Executing command : report_drc -file radio_localization_fpga_top_drc_opted.rpt -pb radio_localization_fpga_top_drc_opted.pb -rpx radio_localization_fpga_top_drc_opted.rpx
Command: report_drc -file radio_localization_fpga_top_drc_opted.rpt -pb radio_localization_fpga_top_drc_opted.pb -rpx radio_localization_fpga_top_drc_opted.rpx
INFO: [IP_Flow 19-234] Refreshing IP repositories
INFO: [IP_Flow 19-1704] No user IP repositories specified
INFO: [IP_Flow 19-2313] Loaded Vivado IP repository 'E:/Vivado/2024.2/data/ip'.
INFO: [DRC 23-27] Running DRC with 2 threads
INFO: [Vivado_Tcl 2-168] The results of DRC are in file E:/B/fpga_stage1/fpga_stage1.runs/impl_1/radio_localization_fpga_top_drc_opted.rpt.
report_drc completed successfully
INFO: [Timing 38-480] Writing timing data to binary archive.
Wrote PlaceDB: Time (s): cpu = 00:00:00 ; elapsed = 00:00:00.002 . Memory (MB): peak = 1843.883 ; gain = 0.000
Wrote PulsedLatchDB: Time (s): cpu = 00:00:00 ; elapsed = 00:00:00 . Memory (MB): peak = 1843.883 ; gain = 0.000
Writing XDEF routing.
Writing XDEF routing logical nets.
Write ShapeDB Complete: Time (s): cpu = 00:00:00 ; elapsed = 00:00:00.033 . Memory (MB): peak = 1843.883 ; gain = 0.000
Writing XDEF routing special nets.
Wrote RouteStorage: Time (s): cpu = 00:00:00 ; elapsed = 00:00:00.041 . Memory (MB): peak = 1843.883 ; gain = 0.000
Wrote Netlist Cache: Time (s): cpu = 00:00:00 ; elapsed = 00:00:00 . Memory (MB): peak = 1843.883 ; gain = 0.000
Wrote Device Cache: Time (s): cpu = 00:00:00 ; elapsed = 00:00:00.004 . Memory (MB): peak = 1843.883 ; gain = 0.000
Write Physdb Complete: Time (s): cpu = 00:00:00 ; elapsed = 00:00:00.058 . Memory (MB): peak = 1843.883 ; gain = 0.000
INFO: [Common 17-1381] The checkpoint 'E:/B/fpga_stage1/fpga_stage1.runs/impl_1/radio_localization_fpga_top_opt.dcp' has been generated.
Command: place_design
Attempting to get a license for feature 'Implementation' and/or device 'xc7a35t'
INFO: [Common 17-349] Got license for feature 'Implementation' and/or device 'xc7a35t'
INFO: [Common 17-83] Releasing license: Implementation
INFO: [DRC 23-27] Running DRC with 2 threads
INFO: [Vivado_Tcl 4-198] DRC finished with 0 Errors
INFO: [Vivado_Tcl 4-199] Please refer to the DRC report (report_drc) for more information.
Running DRC as a precondition to command place_design
INFO: [DRC 23-27] Running DRC with 2 threads
INFO: [Vivado_Tcl 4-198] DRC finished with 0 Errors, 21 Warnings
INFO: [Vivado_Tcl 4-199] Please refer to the DRC report (report_drc) for more information.
INFO: [Place 30-611] Multithreading enabled for place_design using a maximum of 2 CPUs

Starting Placer Task

Phase 1 Placer Initialization

Phase 1.1 Placer Initialization Netlist Sorting
Netlist sorting complete. Time (s): cpu = 00:00:00 ; elapsed = 00:00:00.007 . Memory (MB): peak = 1843.883 ; gain = 0.000
Phase 1.1 Placer Initialization Netlist Sorting | Checksum: fb4d1dc4

Time (s): cpu = 00:00:00 ; elapsed = 00:00:00.014 . Memory (MB): peak = 1843.883 ; gain = 0.000
Netlist sorting complete. Time (s): cpu = 00:00:00 ; elapsed = 00:00:00.006 . Memory (MB): peak = 1843.883 ; gain = 0.000

Phase 1.2 IO Placement/ Clock Placement/ Build Placer Device
INFO: [Timing 38-35] Done setting XDC timing constraints.
Phase 1.2 IO Placement/ Clock Placement/ Build Placer Device | Checksum: 12d981c41

Time (s): cpu = 00:00:02 ; elapsed = 00:00:02 . Memory (MB): peak = 1843.883 ; gain = 0.000

Phase 1.3 Build Placer Netlist Model
Phase 1.3 Build Placer Netlist Model | Checksum: 18ac6bd5e

Time (s): cpu = 00:00:07 ; elapsed = 00:00:05 . Memory (MB): peak = 1843.883 ; gain = 0.000

Phase 1.4 Constrain Clocks/Macros
Phase 1.4 Constrain Clocks/Macros | Checksum: 18ac6bd5e

Time (s): cpu = 00:00:07 ; elapsed = 00:00:05 . Memory (MB): peak = 1843.883 ; gain = 0.000
Phase 1 Placer Initialization | Checksum: 18ac6bd5e

Time (s): cpu = 00:00:07 ; elapsed = 00:00:05 . Memory (MB): peak = 1843.883 ; gain = 0.000

Phase 2 Global Placement

Phase 2.1 Floorplanning
Phase 2.1 Floorplanning | Checksum: 13b3e2a73

Time (s): cpu = 00:00:08 ; elapsed = 00:00:07 . Memory (MB): peak = 1843.883 ; gain = 0.000

Phase 2.2 Update Timing before SLR Path Opt
Phase 2.2 Update Timing before SLR Path Opt | Checksum: 1d9f1408f

Time (s): cpu = 00:00:10 ; elapsed = 00:00:07 . Memory (MB): peak = 1843.883 ; gain = 0.000

Phase 2.3 Post-Processing in Floorplanning
Phase 2.3 Post-Processing in Floorplanning | Checksum: 1d9f1408f

Time (s): cpu = 00:00:10 ; elapsed = 00:00:08 . Memory (MB): peak = 1843.883 ; gain = 0.000

Phase 2.4 Global Place Phase1
Phase 2.4 Global Place Phase1 | Checksum: 17ec32802

Time (s): cpu = 00:00:21 ; elapsed = 00:00:16 . Memory (MB): peak = 1843.883 ; gain = 0.000

Phase 2.5 Global Place Phase2

Phase 2.5.1 UpdateTiming Before Physical Synthesis
Phase 2.5.1 UpdateTiming Before Physical Synthesis | Checksum: 1a9b0d59b

Time (s): cpu = 00:00:23 ; elapsed = 00:00:17 . Memory (MB): peak = 1843.883 ; gain = 0.000

Phase 2.5.2 Physical Synthesis In Placer
INFO: [Physopt 32-1035] Found 0 LUTNM shape to break, 196 LUT instances to create LUTNM shape
INFO: [Physopt 32-1044] Break lutnm for timing: one critical 0, two critical 0, total 0, new lutff created 0
INFO: [Physopt 32-1138] End 1 Pass. Optimized 89 nets or LUTs. Breaked 0 LUT, combined 89 existing LUTs and moved 0 existing LUT
INFO: [Physopt 32-65] No nets found for high-fanout optimization.
INFO: [Physopt 32-232] Optimized 0 net. Created 0 new instance.
INFO: [Physopt 32-775] End 1 Pass. Optimized 0 net or cell. Created 0 new cell, deleted 0 existing cell and moved 0 existing cell
INFO: [Physopt 32-456] No candidate cells for DSP register optimization found in the design.
INFO: [Physopt 32-775] End 2 Pass. Optimized 0 net or cell. Created 0 new cell, deleted 0 existing cell and moved 0 existing cell
INFO: [Physopt 32-1123] No candidate cells found for Shift Register to Pipeline optimization
INFO: [Physopt 32-775] End 2 Pass. Optimized 0 net or cell. Created 0 new cell, deleted 0 existing cell and moved 0 existing cell
INFO: [Physopt 32-1401] No candidate cells found for Shift Register optimization.
INFO: [Physopt 32-677] No candidate cells for Shift Register optimization found in the design
INFO: [Physopt 32-775] End 1 Pass. Optimized 0 net or cell. Created 0 new cell, deleted 0 existing cell and moved 0 existing cell
INFO: [Physopt 32-526] No candidate cells for BRAM register optimization found in the design
INFO: [Physopt 32-775] End 1 Pass. Optimized 0 net or cell. Created 0 new cell, deleted 0 existing cell and moved 0 existing cell
INFO: [Physopt 32-846] No candidate cells for URAM register optimization found in the design
INFO: [Physopt 32-775] End 1 Pass. Optimized 0 net or cell. Created 0 new cell, deleted 0 existing cell and moved 0 existing cell
INFO: [Physopt 32-846] No candidate cells for URAM register optimization found in the design
INFO: [Physopt 32-775] End 1 Pass. Optimized 0 net or cell. Created 0 new cell, deleted 0 existing cell and moved 0 existing cell
INFO: [Physopt 32-949] No candidate nets found for dynamic/static region interface net replication
INFO: [Physopt 32-775] End 1 Pass. Optimized 0 net or cell. Created 0 new cell, deleted 0 existing cell and moved 0 existing cell
Netlist sorting complete. Time (s): cpu = 00:00:00 ; elapsed = 00:00:00.003 . Memory (MB): peak = 1843.883 ; gain = 0.000

Summary of Physical Synthesis Optimizations
============================================


-----------------------------------------------------------------------------------------------------------------------------------------------------------
|  Optimization                                     |  Added Cells  |  Removed Cells  |  Optimized Cells/Nets  |  Dont Touch  |  Iterations  |  Elapsed   |
-----------------------------------------------------------------------------------------------------------------------------------------------------------
|  LUT Combining                                    |            0  |             89  |                    89  |           0  |           1  |  00:00:00  |
|  Retime                                           |            0  |              0  |                     0  |           0  |           1  |  00:00:00  |
|  Very High Fanout                                 |            0  |              0  |                     0  |           0  |           1  |  00:00:00  |
|  DSP Register                                     |            0  |              0  |                     0  |           0  |           1  |  00:00:00  |
|  Shift Register to Pipeline                       |            0  |              0  |                     0  |           0  |           1  |  00:00:00  |
|  Shift Register                                   |            0  |              0  |                     0  |           0  |           1  |  00:00:00  |
|  BRAM Register                                    |            0  |              0  |                     0  |           0  |           1  |  00:00:00  |
|  URAM Register                                    |            0  |              0  |                     0  |           0  |           1  |  00:00:00  |
|  Dynamic/Static Region Interface Net Replication  |            0  |              0  |                     0  |           0  |           1  |  00:00:00  |
|  Total                                            |            0  |             89  |                    89  |           0  |           9  |  00:00:00  |
-----------------------------------------------------------------------------------------------------------------------------------------------------------


Phase 2.5.2 Physical Synthesis In Placer | Checksum: 26085d197

Time (s): cpu = 00:00:25 ; elapsed = 00:00:19 . Memory (MB): peak = 1843.883 ; gain = 0.000
Phase 2.5 Global Place Phase2 | Checksum: 18261db1f

Time (s): cpu = 00:00:26 ; elapsed = 00:00:19 . Memory (MB): peak = 1843.883 ; gain = 0.000
Phase 2 Global Placement | Checksum: 18261db1f

Time (s): cpu = 00:00:26 ; elapsed = 00:00:19 . Memory (MB): peak = 1843.883 ; gain = 0.000

Phase 3 Detail Placement

Phase 3.1 Commit Multi Column Macros
Phase 3.1 Commit Multi Column Macros | Checksum: 266119e31

Time (s): cpu = 00:00:28 ; elapsed = 00:00:20 . Memory (MB): peak = 1843.883 ; gain = 0.000

Phase 3.2 Commit Most Macros & LUTRAMs
Phase 3.2 Commit Most Macros & LUTRAMs | Checksum: 16515ee49

Time (s): cpu = 00:00:31 ; elapsed = 00:00:23 . Memory (MB): peak = 1843.883 ; gain = 0.000

Phase 3.3 Area Swap Optimization
Phase 3.3 Area Swap Optimization | Checksum: 20e732e87

Time (s): cpu = 00:00:31 ; elapsed = 00:00:23 . Memory (MB): peak = 1843.883 ; gain = 0.000

Phase 3.4 Pipeline Register Optimization
Phase 3.4 Pipeline Register Optimization | Checksum: 18101d2b6

Time (s): cpu = 00:00:31 ; elapsed = 00:00:23 . Memory (MB): peak = 1843.883 ; gain = 0.000

Phase 3.5 Fast Optimization
Phase 3.5 Fast Optimization | Checksum: 2488e40b1

Time (s): cpu = 00:00:35 ; elapsed = 00:00:26 . Memory (MB): peak = 1843.883 ; gain = 0.000

Phase 3.6 Small Shape Detail Placement
Phase 3.6 Small Shape Detail Placement | Checksum: 21f43e26a

Time (s): cpu = 00:00:41 ; elapsed = 00:00:32 . Memory (MB): peak = 1843.883 ; gain = 0.000

Phase 3.7 Re-assign LUT pins
Phase 3.7 Re-assign LUT pins | Checksum: 239ec236f

Time (s): cpu = 00:00:42 ; elapsed = 00:00:33 . Memory (MB): peak = 1843.883 ; gain = 0.000

Phase 3.8 Pipeline Register Optimization
Phase 3.8 Pipeline Register Optimization | Checksum: 25cb151be

Time (s): cpu = 00:00:42 ; elapsed = 00:00:33 . Memory (MB): peak = 1843.883 ; gain = 0.000

Phase 3.9 Fast Optimization
Phase 3.9 Fast Optimization | Checksum: 2037e65fd

Time (s): cpu = 00:00:49 ; elapsed = 00:00:37 . Memory (MB): peak = 1843.883 ; gain = 0.000
Phase 3 Detail Placement | Checksum: 2037e65fd

Time (s): cpu = 00:00:49 ; elapsed = 00:00:38 . Memory (MB): peak = 1843.883 ; gain = 0.000

Phase 4 Post Placement Optimization and Clean-Up

Phase 4.1 Post Commit Optimization
INFO: [Timing 38-35] Done setting XDC timing constraints.

Phase 4.1.1 Post Placement Optimization
Post Placement Optimization Initialization | Checksum: 2015abf18

Phase 4.1.1.1 BUFG Insertion

Starting Physical Synthesis Task

Phase 1 Physical Synthesis Initialization
INFO: [Physopt 32-721] Multithreading enabled for phys_opt_design using a maximum of 2 CPUs
INFO: [Physopt 32-619] Estimated Timing Summary | WNS=-2.040 | TNS=-60.851 |
Phase 1 Physical Synthesis Initialization | Checksum: 131318873

Time (s): cpu = 00:00:01 ; elapsed = 00:00:00.583 . Memory (MB): peak = 1846.316 ; gain = 0.000
INFO: [Place 46-33] Processed net localization_command_ctrl_instance/polygon_clip_engine_instance/intersection_instance/child_reset_result_reg, BUFG insertion was skipped due to placement/routing conflicts.
INFO: [Place 46-33] Processed net internal_reset, BUFG insertion was skipped due to placement/routing conflicts.
INFO: [Place 46-56] BUFG insertion identified 2 candidate nets. Inserted BUFG: 0, Replicated BUFG Driver: 0, Skipped due to Placement/Routing Conflicts: 2, Skipped due to Timing Degradation: 0, Skipped due to netlist editing failed: 0.
Ending Physical Synthesis Task | Checksum: 21c606d9a

Time (s): cpu = 00:00:01 ; elapsed = 00:00:01 . Memory (MB): peak = 1846.316 ; gain = 0.000
Phase 4.1.1.1 BUFG Insertion | Checksum: 2015abf18

Time (s): cpu = 00:00:55 ; elapsed = 00:00:42 . Memory (MB): peak = 1846.316 ; gain = 2.434

Phase 4.1.1.2 Post Placement Timing Optimization
INFO: [Place 30-746] Post Placement Timing Summary WNS=0.115. For the most accurate timing information please run report_timing.
Phase 4.1.1.2 Post Placement Timing Optimization | Checksum: 1c5bc598d

Time (s): cpu = 00:01:14 ; elapsed = 00:01:00 . Memory (MB): peak = 1846.316 ; gain = 2.434

Time (s): cpu = 00:01:14 ; elapsed = 00:01:00 . Memory (MB): peak = 1846.316 ; gain = 2.434
Phase 4.1 Post Commit Optimization | Checksum: 1c5bc598d

Time (s): cpu = 00:01:14 ; elapsed = 00:01:00 . Memory (MB): peak = 1846.316 ; gain = 2.434

Phase 4.2 Post Placement Cleanup
Phase 4.2 Post Placement Cleanup | Checksum: 1c5bc598d

Time (s): cpu = 00:01:14 ; elapsed = 00:01:00 . Memory (MB): peak = 1846.316 ; gain = 2.434

Phase 4.3 Placer Reporting

Phase 4.3.1 Print Estimated Congestion
INFO: [Place 30-612] Post-Placement Estimated Congestion 
 ____________________________________________________
|           | Global Congestion | Short Congestion  |
| Direction | Region Size       | Region Size       |
|___________|___________________|___________________|
|      North|                1x1|                2x2|
|___________|___________________|___________________|
|      South|                1x1|                2x2|
|___________|___________________|___________________|
|       East|                1x1|                1x1|
|___________|___________________|___________________|
|       West|                1x1|                1x1|
|___________|___________________|___________________|

Phase 4.3.1 Print Estimated Congestion | Checksum: 1c5bc598d

Time (s): cpu = 00:01:15 ; elapsed = 00:01:01 . Memory (MB): peak = 1846.316 ; gain = 2.434
Phase 4.3 Placer Reporting | Checksum: 1c5bc598d

Time (s): cpu = 00:01:15 ; elapsed = 00:01:01 . Memory (MB): peak = 1846.316 ; gain = 2.434

Phase 4.4 Final Placement Cleanup
Netlist sorting complete. Time (s): cpu = 00:00:00 ; elapsed = 00:00:00.010 . Memory (MB): peak = 1846.316 ; gain = 0.000

Time (s): cpu = 00:01:15 ; elapsed = 00:01:01 . Memory (MB): peak = 1846.316 ; gain = 2.434
Phase 4 Post Placement Optimization and Clean-Up | Checksum: 1f12deb90

Time (s): cpu = 00:01:15 ; elapsed = 00:01:01 . Memory (MB): peak = 1846.316 ; gain = 2.434
Ending Placer Task | Checksum: 195438b85

Time (s): cpu = 00:01:15 ; elapsed = 00:01:01 . Memory (MB): peak = 1846.316 ; gain = 2.434
80 Infos, 0 Warnings, 0 Critical Warnings and 0 Errors encountered.
place_design completed successfully
place_design: Time (s): cpu = 00:01:20 ; elapsed = 00:01:03 . Memory (MB): peak = 1846.316 ; gain = 2.434
INFO: [Vivado 12-24838] Running report commands "report_control_sets, report_io, report_utilization" in parallel.
Running report generation with 2 threads.
INFO: [Vivado 12-24828] Executing command : report_io -file radio_localization_fpga_top_io_placed.rpt
report_io: Time (s): cpu = 00:00:00 ; elapsed = 00:00:00.050 . Memory (MB): peak = 1846.316 ; gain = 0.000
INFO: [Vivado 12-24828] Executing command : report_control_sets -verbose -file radio_localization_fpga_top_control_sets_placed.rpt
report_control_sets: Time (s): cpu = 00:00:00 ; elapsed = 00:00:00.050 . Memory (MB): peak = 1846.316 ; gain = 0.000
INFO: [Vivado 12-24828] Executing command : report_utilization -file radio_localization_fpga_top_utilization_placed.rpt -pb radio_localization_fpga_top_utilization_placed.pb
INFO: [Timing 38-480] Writing timing data to binary archive.
Write ShapeDB Complete: Time (s): cpu = 00:00:01 ; elapsed = 00:00:00.046 . Memory (MB): peak = 1846.316 ; gain = 0.000
Wrote PlaceDB: Time (s): cpu = 00:00:03 ; elapsed = 00:00:01 . Memory (MB): peak = 1846.754 ; gain = 0.438
Wrote PulsedLatchDB: Time (s): cpu = 00:00:00 ; elapsed = 00:00:00 . Memory (MB): peak = 1846.754 ; gain = 0.000
Writing XDEF routing.
Writing XDEF routing logical nets.
Writing XDEF routing special nets.
Wrote RouteStorage: Time (s): cpu = 00:00:00 ; elapsed = 00:00:00.037 . Memory (MB): peak = 1846.754 ; gain = 0.000
Wrote Netlist Cache: Time (s): cpu = 00:00:00 ; elapsed = 00:00:00.052 . Memory (MB): peak = 1846.754 ; gain = 0.000
Wrote Device Cache: Time (s): cpu = 00:00:00 ; elapsed = 00:00:00.007 . Memory (MB): peak = 1846.754 ; gain = 0.000
Write Physdb Complete: Time (s): cpu = 00:00:03 ; elapsed = 00:00:02 . Memory (MB): peak = 1846.754 ; gain = 0.438
INFO: [Common 17-1381] The checkpoint 'E:/B/fpga_stage1/fpga_stage1.runs/impl_1/radio_localization_fpga_top_placed.dcp' has been generated.
Command: phys_opt_design
Attempting to get a license for feature 'Implementation' and/or device 'xc7a35t'
INFO: [Common 17-349] Got license for feature 'Implementation' and/or device 'xc7a35t'

Starting Initial Update Timing Task

Time (s): cpu = 00:00:04 ; elapsed = 00:00:02 . Memory (MB): peak = 1856.270 ; gain = 9.516
INFO: [Vivado_Tcl 4-2279] Estimated Timing Summary | WNS= 0.115 | TNS= 0.000 | 
INFO: [Vivado_Tcl 4-383] Design worst setup slack (WNS) is greater than or equal to 0.000 ns. All physical synthesis setup optimizations will be skipped.
INFO: [Vivado_Tcl 4-232] No setup violation found. The netlist was not modified.
INFO: [Common 17-83] Releasing license: Implementation
91 Infos, 0 Warnings, 0 Critical Warnings and 0 Errors encountered.
phys_opt_design completed successfully
INFO: [Timing 38-480] Writing timing data to binary archive.
Write ShapeDB Complete: Time (s): cpu = 00:00:00 ; elapsed = 00:00:00.042 . Memory (MB): peak = 1873.125 ; gain = 0.012
Wrote PlaceDB: Time (s): cpu = 00:00:02 ; elapsed = 00:00:01 . Memory (MB): peak = 1875.047 ; gain = 1.922
Wrote PulsedLatchDB: Time (s): cpu = 00:00:00 ; elapsed = 00:00:00 . Memory (MB): peak = 1875.047 ; gain = 0.000
Writing XDEF routing.
Writing XDEF routing logical nets.
Writing XDEF routing special nets.
Wrote RouteStorage: Time (s): cpu = 00:00:00 ; elapsed = 00:00:00.036 . Memory (MB): peak = 1875.047 ; gain = 0.000
Wrote Netlist Cache: Time (s): cpu = 00:00:00 ; elapsed = 00:00:00.046 . Memory (MB): peak = 1875.047 ; gain = 0.000
Wrote Device Cache: Time (s): cpu = 00:00:00 ; elapsed = 00:00:00.007 . Memory (MB): peak = 1875.047 ; gain = 0.000
Write Physdb Complete: Time (s): cpu = 00:00:02 ; elapsed = 00:00:01 . Memory (MB): peak = 1875.047 ; gain = 1.922
INFO: [Common 17-1381] The checkpoint 'E:/B/fpga_stage1/fpga_stage1.runs/impl_1/radio_localization_fpga_top_physopt.dcp' has been generated.
Command: route_design
Attempting to get a license for feature 'Implementation' and/or device 'xc7a35t'
INFO: [Common 17-349] Got license for feature 'Implementation' and/or device 'xc7a35t'


Starting Routing Task
INFO: [Route 35-254] Multithreading enabled for route_design using a maximum of 2 CPUs

Phase 1 Build RT Design
Checksum: PlaceDB: b325a61c ConstDB: 0 ShapeSum: 419c8912 RouteDB: a0815c57
Post Restoration Checksum: NetGraph: 802c818 | NumContArr: c6fb89b3 | Constraints: c2a8fa9d | Timing: c2a8fa9d
Phase 1 Build RT Design | Checksum: 254504705

Time (s): cpu = 00:00:27 ; elapsed = 00:00:24 . Memory (MB): peak = 1956.344 ; gain = 81.297

Phase 2 Router Initialization

Phase 2.1 Fix Topology Constraints
Phase 2.1 Fix Topology Constraints | Checksum: 254504705

Time (s): cpu = 00:00:27 ; elapsed = 00:00:24 . Memory (MB): peak = 1956.344 ; gain = 81.297

Phase 2.2 Pre Route Cleanup
Phase 2.2 Pre Route Cleanup | Checksum: 254504705

Time (s): cpu = 00:00:28 ; elapsed = 00:00:25 . Memory (MB): peak = 1956.344 ; gain = 81.297
 Number of Nodes with overlaps = 0

Phase 2.3 Update Timing
Phase 2.3 Update Timing | Checksum: 235b9e268

Time (s): cpu = 00:00:36 ; elapsed = 00:00:30 . Memory (MB): peak = 2005.055 ; gain = 130.008
INFO: [Route 35-416] Intermediate Timing Summary | WNS=0.252  | TNS=0.000  | WHS=-0.144 | THS=-65.908|


Router Utilization Summary
  Global Vertical Routing Utilization    = 0 %
  Global Horizontal Routing Utilization  = 0 %
  Routable Net Status*
  *Does not include unroutable nets such as driverless and loadless.
  Run report_route_status for detailed report.
  Number of Failed Nets               = 15844
    (Failed Nets is the sum of unrouted and partially routed nets)
  Number of Unrouted Nets             = 15844
  Number of Partially Routed Nets     = 0
  Number of Node Overlaps             = 0

Phase 2 Router Initialization | Checksum: 2551dbc60

Time (s): cpu = 00:00:39 ; elapsed = 00:00:32 . Memory (MB): peak = 2054.637 ; gain = 179.590

Phase 3 Global Routing
Phase 3 Global Routing | Checksum: 2551dbc60

Time (s): cpu = 00:00:39 ; elapsed = 00:00:32 . Memory (MB): peak = 2054.637 ; gain = 179.590

Phase 4 Initial Routing

Phase 4.1 Initial Net Routing Pass
Phase 4.1 Initial Net Routing Pass | Checksum: 2dfa31d2f

Time (s): cpu = 00:00:43 ; elapsed = 00:00:35 . Memory (MB): peak = 2054.637 ; gain = 179.590
Phase 4 Initial Routing | Checksum: 2dfa31d2f

Time (s): cpu = 00:00:43 ; elapsed = 00:00:35 . Memory (MB): peak = 2054.637 ; gain = 179.590

Phase 5 Rip-up And Reroute

Phase 5.1 Global Iteration 0
 Number of Nodes with overlaps = 1678
 Number of Nodes with overlaps = 291
 Number of Nodes with overlaps = 114
 Number of Nodes with overlaps = 38
 Number of Nodes with overlaps = 17
 Number of Nodes with overlaps = 16
 Number of Nodes with overlaps = 8
 Number of Nodes with overlaps = 5
 Number of Nodes with overlaps = 4
 Number of Nodes with overlaps = 4
 Number of Nodes with overlaps = 2
 Number of Nodes with overlaps = 1
 Number of Nodes with overlaps = 1
 Number of Nodes with overlaps = 1
 Number of Nodes with overlaps = 0
INFO: [Route 35-416] Intermediate Timing Summary | WNS=0.439  | TNS=0.000  | WHS=N/A    | THS=N/A    |

Phase 5.1 Global Iteration 0 | Checksum: 204d89537

Time (s): cpu = 00:01:04 ; elapsed = 00:00:50 . Memory (MB): peak = 2054.637 ; gain = 179.590
Phase 5 Rip-up And Reroute | Checksum: 204d89537

Time (s): cpu = 00:01:04 ; elapsed = 00:00:50 . Memory (MB): peak = 2054.637 ; gain = 179.590

Phase 6 Delay and Skew Optimization

Phase 6.1 Delay CleanUp

Phase 6.1.1 Update Timing
Phase 6.1.1 Update Timing | Checksum: 21cb085fb

Time (s): cpu = 00:01:06 ; elapsed = 00:00:51 . Memory (MB): peak = 2054.637 ; gain = 179.590
INFO: [Route 35-416] Intermediate Timing Summary | WNS=0.473  | TNS=0.000  | WHS=N/A    | THS=N/A    |

Phase 6.1 Delay CleanUp | Checksum: 21cb085fb

Time (s): cpu = 00:01:06 ; elapsed = 00:00:51 . Memory (MB): peak = 2054.637 ; gain = 179.590

Phase 6.2 Clock Skew Optimization
Phase 6.2 Clock Skew Optimization | Checksum: 21cb085fb

Time (s): cpu = 00:01:06 ; elapsed = 00:00:51 . Memory (MB): peak = 2054.637 ; gain = 179.590
Phase 6 Delay and Skew Optimization | Checksum: 21cb085fb

Time (s): cpu = 00:01:06 ; elapsed = 00:00:51 . Memory (MB): peak = 2054.637 ; gain = 179.590

Phase 7 Post Hold Fix

Phase 7.1 Hold Fix Iter
INFO: [Route 35-416] Intermediate Timing Summary | WNS=0.473  | TNS=0.000  | WHS=0.018  | THS=0.000  |

Phase 7.1 Hold Fix Iter | Checksum: 1416fb5c9

Time (s): cpu = 00:01:08 ; elapsed = 00:00:52 . Memory (MB): peak = 2054.637 ; gain = 179.590
Phase 7 Post Hold Fix | Checksum: 1416fb5c9

Time (s): cpu = 00:01:08 ; elapsed = 00:00:52 . Memory (MB): peak = 2054.637 ; gain = 179.590

Phase 8 Route finalize

Router Utilization Summary
  Global Vertical Routing Utilization    = 5.15985 %
  Global Horizontal Routing Utilization  = 6.49922 %
  Routable Net Status*
  *Does not include unroutable nets such as driverless and loadless.
  Run report_route_status for detailed report.
  Number of Failed Nets               = 0
    (Failed Nets is the sum of unrouted and partially routed nets)
  Number of Unrouted Nets             = 0
  Number of Partially Routed Nets     = 0
  Number of Node Overlaps             = 0

Phase 8 Route finalize | Checksum: 1416fb5c9

Time (s): cpu = 00:01:08 ; elapsed = 00:00:52 . Memory (MB): peak = 2054.637 ; gain = 179.590

Phase 9 Verifying routed nets

 Verification completed successfully
Phase 9 Verifying routed nets | Checksum: 1416fb5c9

Time (s): cpu = 00:01:08 ; elapsed = 00:00:52 . Memory (MB): peak = 2054.637 ; gain = 179.590

Phase 10 Depositing Routes
Phase 10 Depositing Routes | Checksum: 1ebca5049

Time (s): cpu = 00:01:10 ; elapsed = 00:00:54 . Memory (MB): peak = 2054.637 ; gain = 179.590

Phase 11 Post Process Routing
Phase 11 Post Process Routing | Checksum: 1ebca5049

Time (s): cpu = 00:01:10 ; elapsed = 00:00:54 . Memory (MB): peak = 2054.637 ; gain = 179.590

Phase 12 Post Router Timing
INFO: [Route 35-57] Estimated Timing Summary | WNS=0.473  | TNS=0.000  | WHS=0.018  | THS=0.000  |

INFO: [Route 35-327] The final timing numbers are based on the router estimated timing analysis. For a complete and accurate timing signoff, please run report_timing_summary.
Phase 12 Post Router Timing | Checksum: 1ebca5049

Time (s): cpu = 00:01:10 ; elapsed = 00:00:54 . Memory (MB): peak = 2054.637 ; gain = 179.590
Total Elapsed time in route_design: 53.645 secs

Phase 13 Post-Route Event Processing
Phase 13 Post-Route Event Processing | Checksum: cdd664a0

Time (s): cpu = 00:01:10 ; elapsed = 00:00:54 . Memory (MB): peak = 2054.637 ; gain = 179.590
INFO: [Route 35-16] Router Completed Successfully
Ending Routing Task | Checksum: cdd664a0

Time (s): cpu = 00:01:10 ; elapsed = 00:00:54 . Memory (MB): peak = 2054.637 ; gain = 179.590

Routing Is Done.
INFO: [Common 17-83] Releasing license: Implementation
103 Infos, 0 Warnings, 0 Critical Warnings and 0 Errors encountered.
route_design completed successfully
route_design: Time (s): cpu = 00:01:10 ; elapsed = 00:00:54 . Memory (MB): peak = 2054.637 ; gain = 179.590
INFO: [Vivado 12-24828] Executing command : report_drc -file radio_localization_fpga_top_drc_routed.rpt -pb radio_localization_fpga_top_drc_routed.pb -rpx radio_localization_fpga_top_drc_routed.rpx
Command: report_drc -file radio_localization_fpga_top_drc_routed.rpt -pb radio_localization_fpga_top_drc_routed.pb -rpx radio_localization_fpga_top_drc_routed.rpx
INFO: [IP_Flow 19-1839] IP Catalog is up to date.
INFO: [DRC 23-27] Running DRC with 2 threads
INFO: [Vivado_Tcl 2-168] The results of DRC are in file E:/B/fpga_stage1/fpga_stage1.runs/impl_1/radio_localization_fpga_top_drc_routed.rpt.
report_drc completed successfully
report_drc: Time (s): cpu = 00:00:11 ; elapsed = 00:00:06 . Memory (MB): peak = 2086.598 ; gain = 31.961
INFO: [Vivado 12-24828] Executing command : report_methodology -file radio_localization_fpga_top_methodology_drc_routed.rpt -pb radio_localization_fpga_top_methodology_drc_routed.pb -rpx radio_localization_fpga_top_methodology_drc_routed.rpx
Command: report_methodology -file radio_localization_fpga_top_methodology_drc_routed.rpt -pb radio_localization_fpga_top_methodology_drc_routed.pb -rpx radio_localization_fpga_top_methodology_drc_routed.rpx
INFO: [Timing 38-35] Done setting XDC timing constraints.
INFO: [DRC 23-133] Running Methodology with 2 threads
INFO: [Vivado_Tcl 2-1520] The results of Report Methodology are in file E:/B/fpga_stage1/fpga_stage1.runs/impl_1/radio_localization_fpga_top_methodology_drc_routed.rpt.
report_methodology completed successfully
report_methodology: Time (s): cpu = 00:00:16 ; elapsed = 00:00:09 . Memory (MB): peak = 2110.395 ; gain = 23.797
INFO: [Vivado 12-24828] Executing command : report_timing_summary -max_paths 10 -report_unconstrained -file radio_localization_fpga_top_timing_summary_routed.rpt -pb radio_localization_fpga_top_timing_summary_routed.pb -rpx radio_localization_fpga_top_timing_summary_routed.rpx -warn_on_violation 
INFO: [Timing 38-35] Done setting XDC timing constraints.
INFO: [Timing 38-91] UpdateTimingParams: Speed grade: -1, Delay Type: min_max.
INFO: [Timing 38-191] Multithreading enabled for timing update using a maximum of 2 CPUs
INFO: [Vivado 12-24838] Running report commands "report_incremental_reuse, report_route_status" in parallel.
Running report generation with 2 threads.
INFO: [Vivado 12-24828] Executing command : report_incremental_reuse -file radio_localization_fpga_top_incremental_reuse_routed.rpt
INFO: [Vivado_Tcl 4-1062] Incremental flow is disabled. No incremental reuse Info to report.
INFO: [Vivado 12-24828] Executing command : report_route_status -file radio_localization_fpga_top_route_status.rpt -pb radio_localization_fpga_top_route_status.pb
INFO: [Vivado 12-24828] Executing command : report_power -file radio_localization_fpga_top_power_routed.rpt -pb radio_localization_fpga_top_power_summary_routed.pb -rpx radio_localization_fpga_top_power_routed.rpx
Command: report_power -file radio_localization_fpga_top_power_routed.rpt -pb radio_localization_fpga_top_power_summary_routed.pb -rpx radio_localization_fpga_top_power_routed.rpx
Running Vector-less Activity Propagation...

Finished Running Vector-less Activity Propagation
120 Infos, 0 Warnings, 0 Critical Warnings and 0 Errors encountered.
report_power completed successfully
INFO: [Vivado 12-24828] Executing command : report_clock_utilization -file radio_localization_fpga_top_clock_utilization_routed.rpt
INFO: [Vivado 12-24828] Executing command : report_bus_skew -warn_on_violation -file radio_localization_fpga_top_bus_skew_routed.rpt -pb radio_localization_fpga_top_bus_skew_routed.pb -rpx radio_localization_fpga_top_bus_skew_routed.rpx
INFO: [Timing 38-91] UpdateTimingParams: Speed grade: -1, Delay Type: min_max.
INFO: [Timing 38-191] Multithreading enabled for timing update using a maximum of 2 CPUs
generate_parallel_reports: Time (s): cpu = 00:00:39 ; elapsed = 00:00:23 . Memory (MB): peak = 2123.645 ; gain = 69.008
INFO: [Timing 38-480] Writing timing data to binary archive.
Write ShapeDB Complete: Time (s): cpu = 00:00:00 ; elapsed = 00:00:00.045 . Memory (MB): peak = 2139.605 ; gain = 1.512
Wrote PlaceDB: Time (s): cpu = 00:00:02 ; elapsed = 00:00:01 . Memory (MB): peak = 2144.309 ; gain = 6.215
Wrote PulsedLatchDB: Time (s): cpu = 00:00:00 ; elapsed = 00:00:00 . Memory (MB): peak = 2144.309 ; gain = 0.000
Writing XDEF routing.
Writing XDEF routing logical nets.
Writing XDEF routing special nets.
Wrote RouteStorage: Time (s): cpu = 00:00:01 ; elapsed = 00:00:00.288 . Memory (MB): peak = 2144.309 ; gain = 0.000
Wrote Netlist Cache: Time (s): cpu = 00:00:00 ; elapsed = 00:00:00.039 . Memory (MB): peak = 2144.309 ; gain = 0.000
Wrote Device Cache: Time (s): cpu = 00:00:00 ; elapsed = 00:00:00.008 . Memory (MB): peak = 2144.309 ; gain = 0.000
Write Physdb Complete: Time (s): cpu = 00:00:03 ; elapsed = 00:00:02 . Memory (MB): peak = 2144.309 ; gain = 6.215
INFO: [Common 17-1381] The checkpoint 'E:/B/fpga_stage1/fpga_stage1.runs/impl_1/radio_localization_fpga_top_routed.dcp' has been generated.
INFO: [Common 17-206] Exiting Vivado at Wed Sep 23 18:27:00 2026...
